// Vitest Snapshot v1, https://vitest.dev/guide/snapshot.html

exports[`CardFrame Component > should render correctly 1`] = `
<DocumentFragment>
  <div
    class="h-full min-h-screen bg-base-100 p-4 sm:p-8"
    data-theme="light"
  >
    <main
      class="max-w-7xl mx-auto px-0 sm:px-6 lg:px-8"
    >
      <div
        class="bg-base-200 rounded-xl p-8"
      >
        <div
          class="flex flex-col flex-wrap items-center text-center gap-4"
        >
          <h1>
            Hello World
          </h1>
        </div>
      </div>
    </main>
  </div>
</DocumentFragment>
`;
